°ñÃ˜êV
¯U{"Root":{"Path":"/","CreatedIndex":0,"ModifiedIndex":0,"ExpireTime":"0001-01-01T00:00:00Z","Value":"","Children":{"0":{"Path":"/0","CreatedIndex":0,"ModifiedIndex":0,"ExpireTime":"0001-01-01T00:00:00Z","Value":"","Children":{"members":{"Path":"/0/members","CreatedIndex":1,"ModifiedIndex":1,"ExpireTime":"0001-01-01T00:00:00Z","Value":"","Children":{"8e9e05c52164694d":{"Path":"/0/members/8e9e05c52164694d","CreatedIndex":1,"ModifiedIndex":1,"ExpireTime":"0001-01-01T00:00:00Z","Value":"","Children":{"attributes":{"Path":"/0/members/8e9e05c52164694d/attributes","CreatedIndex":6,"ModifiedIndex":6,"ExpireTime":"0001-01-01T00:00:00Z","Value":"{\"name\":\"default\",\"clientURLs\":[\"http://localhost:2379\"]}","Children":null},"raftAttributes":{"Path":"/0/members/8e9e05c52164694d/raftAttributes","CreatedIndex":1,"ModifiedIndex":1,"ExpireTime":"0001-01-01T00:00:00Z","Value":"{\"peerURLs\":[\"http://localhost:2380\"]}","Children":null}}}}},"version":{"Path":"/0/version","CreatedIndex":3,"ModifiedIndex":3,"ExpireTime":"0001-01-01T00:00:00Z","Value":"3.1.0","Children":null}}},"1":{"Path":"/1","CreatedIndex":0,"ModifiedIndex":0,"ExpireTime":"0001-01-01T00:00:00Z","Value":"","Children":{"abc":{"Path":"/1/abc","CreatedIndex":9,"ModifiedIndex":9,"ExpireTime":"0001-01-01T00:00:00Z","Value":"","Children":null},"nu":{"Path":"/1/nu","CreatedIndex":10,"ModifiedIndex":10,"ExpireTime":"0001-01-01T00:00:00Z","Value":"","Children":{"test":{"Path":"/1/nu/test","CreatedIndex":10,"ModifiedIndex":10,"ExpireTime":"0001-01-01T00:00:00Z","Value":"","Children":{"global":{"Path":"/1/nu/test/global","CreatedIndex":10,"ModifiedIndex":10,"ExpireTime":"0001-01-01T00:00:00Z","Value":"","Children":{"wid":{"Path":"/1/nu/test/global/wid","CreatedIndex":10,"ModifiedIndex":10,"ExpireTime":"0001-01-01T00:00:00Z","Value":"a,b,c,d","Children":null},"wids":{"Path":"/1/nu/test/global/wids","CreatedIndex":18,"ModifiedIndex":18,"ExpireTime":"0001-01-01T00:00:00Z","Value":"a,c,e","Children":null}}}}}}}}}}},"WatcherHub":{"EventHistory":{"Queue":{"Events":[{"action":"create","node":{"key":"/0/members/8e9e05c52164694d/raftAttributes","value":"{\"peerURLs\":[\"http://localhost:2380\"]}","modifiedIndex":1,"createdIndex":1}},{"action":"set","node":{"key":"/0/members/8e9e05c52164694d/attributes","value":"{\"name\":\"default\",\"clientURLs\":[\"http://localhost:2379\"]}","modifiedIndex":2,"createdIndex":2}},{"action":"set","node":{"key":"/0/version","value":"3.1.0","modifiedIndex":3,"createdIndex":3}},{"action":"set","node":{"key":"/0/members/8e9e05c52164694d/attributes","value":"{\"name\":\"default\",\"clientURLs\":[\"http://localhost:2379\"]}","modifiedIndex":4,"createdIndex":4},"prevNode":{"key":"/0/members/8e9e05c52164694d/attributes","value":"{\"name\":\"default\",\"clientURLs\":[\"http://localhost:2379\"]}","modifiedIndex":2,"createdIndex":2}},{"action":"set","node":{"key":"/0/members/8e9e05c52164694d/attributes","value":"{\"name\":\"default\",\"clientURLs\":[\"http://localhost:2379\"]}","modifiedIndex":5,"createdIndex":5},"prevNode":{"key":"/0/members/8e9e05c52164694d/attributes","value":"{\"name\":\"default\",\"clientURLs\":[\"http://localhost:2379\"]}","modifiedIndex":4,"createdIndex":4}},{"action":"set","node":{"key":"/0/members/8e9e05c52164694d/attributes","value":"{\"name\":\"default\",\"clientURLs\":[\"http://localhost:2379\"]}","modifiedIndex":6,"createdIndex":6},"prevNode":{"key":"/0/members/8e9e05c52164694d/attributes","value":"{\"name\":\"default\",\"clientURLs\":[\"http://localhost:2379\"]}","modifiedIndex":5,"createdIndex":5}},{"action":"set","node":{"key":"/1/abc","value":"def","modifiedIndex":7,"createdIndex":7}},{"action":"set","node":{"key":"/1/abc","value":".","modifiedIndex":8,"createdIndex":8},"prevNode":{"key":"/1/abc","value":"def","modifiedIndex":7,"createdIndex":7}},{"action":"set","node":{"key":"/1/abc","value":"","modifiedIndex":9,"createdIndex":9},"prevNode":{"key":"/1/abc","value":".","modifiedIndex":8,"createdIndex":8}},{"action":"set","node":{"key":"/1/nu/test/global/wid","value":"a,b,c,d","modifiedIndex":10,"createdIndex":10}},{"action":"set","node":{"key":"/1/nu/test/global/wids","value":"a,b,c,d","modifiedIndex":11,"createdIndex":11}},{"action":"set","node":{"key":"/1/nu/test/global/wids","value":"a,b,c,d,e","modifiedIndex":12,"createdIndex":12},"prevNode":{"key":"/1/nu/test/global/wids","value":"a,b,c,d","modifiedIndex":11,"createdIndex":11}},{"action":"set","node":{"key":"/1/nu/test/global/wids","value":"a,b,c,d,e","modifiedIndex":13,"createdIndex":13},"prevNode":{"key":"/1/nu/test/global/wids","value":"a,b,c,d,e","modifiedIndex":12,"createdIndex":12}},{"action":"set","node":{"key":"/1/nu/test/global/wids","value":"a,b,c,d,e","modifiedIndex":14,"createdIndex":14},"prevNode":{"key":"/1/nu/test/global/wids","value":"a,b,c,d,e","modifiedIndex":13,"createdIndex":13}},{"action":"set","node":{"key":"/1/nu/test/global/wids","value":"a,b,c,d,e,f","modifiedIndex":15,"createdIndex":15},"prevNode":{"key":"/1/nu/test/global/wids","value":"a,b,c,d,e","modifiedIndex":14,"createdIndex":14}},{"action":"set","node":{"key":"/1/nu/test/global/wids","value":"a,b","modifiedIndex":16,"createdIndex":16},"prevNode":{"key":"/1/nu/test/global/wids","value":"a,b,c,d,e,f","modifiedIndex":15,"createdIndex":15}},{"action":"set","node":{"key":"/1/nu/test/global/wids","value":"a,b,c","modifiedIndex":17,"createdIndex":17},"prevNode":{"key":"/1/nu/test/global/wids","value":"a,b","modifiedIndex":16,"createdIndex":16}},{"action":"set","node":{"key":"/1/nu/test/global/wids","value":"a,c,e","modifiedIndex":18,"createdIndex":18},"prevNode":{"key":"/1/nu/test/global/wids","value":"a,b,c","modifiedIndex":17,"createdIndex":17}},null,null,null,null,null,null,null,null,null,null,null,null,null,null,null,null,null,null,null,null,null,null,null,null,null,null,null,null,null,null,null,null,null,null,null,null,null,null,null,null,null,null,null,null,null,null,null,null,null,null,null,null,null,null,null,null,null,null,null,null,null,null,null,null,null,null,null,null,null,null,null,null,null,null,null,null,null,null,null,null,null,null,null,null,null,null,null,null,null,null,null,null,null,null,null,null,null,null,null,null,null,null,null,null,null,null,null,null,null,null,null,null,null,null,null,null,null,null,null,null,null,null,null,null,null,null,null,null,null,null,null,null,null,null,null,null,null,null,null,null,null,null,null,null,null,null,null,null,null,null,null,null,null,null,null,null,null,null,null,null,null,null,null,null,null,null,null,null,null,null,null,null,null,null,null,null,null,null,null,null,null,null,null,null,null,null,null,null,null,null,null,null,null,null,null,null,null,null,null,null,null,null,null,null,null,null,null,null,null,null,null,null,null,null,null,null,null,null,null,null,null,null,null,null,null,null,null,null,null,null,null,null,null,null,null,null,null,null,null,null,null,null,null,null,null,null,null,null,null,null,null,null,null,null,null,null,null,null,null,null,null,null,null,null,null,null,null,null,null,null,null,null,null,null,null,null,null,null,null,null,null,null,null,null,null,null,null,null,null,null,null,null,null,null,null,null,null,null,null,null,null,null,null,null,null,null,null,null,null,null,null,null,null,null,null,null,null,null,null,null,null,null,null,null,null,null,null,null,null,null,null,null,null,null,null,null,null,null,null,null,null,null,null,null,null,null,null,null,null,null,null,null,null,null,null,null,null,null,null,null,null,null,null,null,null,null,null,null,null,null,null,null,null,null,null,null,null,null,null,null,null,null,null,null,null,null,null,null,null,null,null,null,null,null,null,null,null,null,null,null,null,null,null,null,null,null,null,null,null,null,null,null,null,null,null,null,null,null,null,null,null,null,null,null,null,null,null,null,null,null,null,null,null,null,null,null,null,null,null,null,null,null,null,null,null,null,null,null,null,null,null,null,null,null,null,null,null,null,null,null,null,null,null,null,null,null,null,null,null,null,null,null,null,null,null,null,null,null,null,null,null,null,null,null,null,null,null,null,null,null,null,null,null,null,null,null,null,null,null,null,null,null,null,null,null,null,null,null,null,null,null,null,null,null,null,null,null,null,null,null,null,null,null,null,null,null,null,null,null,null,null,null,null,null,null,null,null,null,null,null,null,null,null,null,null,null,null,null,null,null,null,null,null,null,null,null,null,null,null,null,null,null,null,null,null,null,null,null,null,null,null,null,null,null,null,null,null,null,null,null,null,null,null,null,null,null,null,null,null,null,null,null,null,null,null,null,null,null,null,null,null,null,null,null,null,null,null,null,null,null,null,null,null,null,null,null,null,null,null,null,null,null,null,null,null,null,null,null,null,null,null,null,null,null,null,null,null,null,null,null,null,null,null,null,null,null,null,null,null,null,null,null,null,null,null,null,null,null,null,null,null,null,null,null,null,null,null,null,null,null,null,null,null,null,null,null,null,null,null,null,null,null,null,null,null,null,null,null,null,null,null,null,null,null,null,null,null,null,null,null,null,null,null,null,null,null,null,null,null,null,null,null,null,null,null,null,null,null,null,null,null,null,null,null,null,null,null,null,null,null,null,null,null,null,null,null,null,null,null,null,null,null,null,null,null,null,null,null,null,null,null,null,null,null,null,null,null,null,null,null,null,null,null,null,null,null,null,null,null,null,null,null,null,null,null,null,null,null,null,null,null,null,null,null,null,null,null,null,null,null,null,null,null,null,null,null,null,null,null,null,null,null,null,null,null,null,null,null,null,null,null,null,null,null,null,null,null,null,null,null,null,null,null,null,null,null,null,null,null,null,null,null,null,null,null,null,null,null,null,null,null,null,null,null,null,null,null,null,null,null,null,null,null,null,null,null,null,null,null,null,null,null,null,null,null,null,null,null,null,null,null,null,null,null,null,null,null,null,null,null,null,null,null,null,null,null,null,null,null,null,null,null,null,null,null,null,null,null,null,null,null,null,null,null,null,null,null,null,null,null,null,null,null,null,null,null,null,null,null,null,null,null,null,null,null,null,null,null,null,null,null,null,null,null,null,null,null,null,null,null,null,null,null,null,null,null,null,null,null,null,null,null,null,null,null,null,null,null,null,null,null,null,null,null,null,null,null,null,null,null,null,null,null,null,null,null,null,null,null,null,null,null],"Size":18,"Front":0,"Back":18,"Capacity":1000},"StartIndex":1,"LastIndex":18}},"CurrentIndex":18,"Stats":{"getsSuccess":8,"getsFail":30,"setsSuccess":17,"setsFail":0,"deleteSuccess":0,"deleteFail":0,"updateSuccess":0,"updateFail":0,"createSuccess":1,"createFail":0,"compareAndSwapSuccess":0,"compareAndSwapFail":0,"compareAndDeleteSuccess":0,"compareAndDeleteFail":0,"expireCount":0,"watchers":0},"CurrentVersion":2}
Õ“ëã“∏Åœéœ˛9